Board size is 6x7 (rows x col)
┌─┬─┬─┬─┬─┬─┬─┐
│ │ │ │ │ │ │ │
├─┼─┼─┼─┼─┼─┼─┤
│ │ │ │ │ │ │ │
├─┼─┼─┼─┼─┼─┼─┤
│ │ │ │ │ │ │ │
├─┼─┼─┼─┼─┼─┼─┤
│ │ │ │ │ │ │ │
├─┼─┼─┼─┼─┼─┼─┤
│ │ │ │ │ │ │ │
├─┼─┼─┼─┼─┼─┼─┤
│ │ │ │ │ │ │ │
└─┴─┴─┴─┴─┴─┴─┘
 1 2 3 4 5 6 7
Column number? (starts at 1):
┌─┬─┬─┬─┬─┬─┬─┐
│ │ │ │ │ │ │ │
├─┼─┼─┼─┼─┼─┼─┤
│ │ │ │ │ │ │ │
├─┼─┼─┼─┼─┼─┼─┤
│ │ │ │ │ │ │ │
├─┼─┼─┼─┼─┼─┼─┤
│ │ │ │ │ │ │ │
├─┼─┼─┼─┼─┼─┼─┤
│ │ │ │ │ │ │ │
├─┼─┼─┼─┼─┼─┼─┤
│ │X│ │ │ │ │ │
└─┴─┴─┴─┴─┴─┴─┘
 1 2 3 4 5 6 7
┌─┬─┬─┬─┬─┬─┬─┐
│ │ │ │ │ │ │ │
├─┼─┼─┼─┼─┼─┼─┤
│ │ │ │ │ │ │ │
├─┼─┼─┼─┼─┼─┼─┤
│ │ │ │ │ │ │ │
├─┼─┼─┼─┼─┼─┼─┤
│ │ │ │ │ │ │ │
├─┼─┼─┼─┼─┼─┼─┤
│ │O│ │ │ │ │ │
├─┼─┼─┼─┼─┼─┼─┤
│ │X│ │ │ │ │ │
└─┴─┴─┴─┴─┴─┴─┘
 1 2 3 4 5 6 7
Column number? (starts at 1):
┌─┬─┬─┬─┬─┬─┬─┐
│ │ │ │ │ │ │ │
├─┼─┼─┼─┼─┼─┼─┤
│ │ │ │ │ │ │ │
├─┼─┼─┼─┼─┼─┼─┤
│ │ │ │ │ │ │ │
├─┼─┼─┼─┼─┼─┼─┤
│ │ │ │ │ │ │ │
├─┼─┼─┼─┼─┼─┼─┤
│ │O│ │ │ │ │ │
├─┼─┼─┼─┼─┼─┼─┤
│ │X│X│ │ │ │ │
└─┴─┴─┴─┴─┴─┴─┘
 1 2 3 4 5 6 7
┌─┬─┬─┬─┬─┬─┬─┐
│ │ │ │ │ │ │ │
├─┼─┼─┼─┼─┼─┼─┤
│ │ │ │ │ │ │ │
├─┼─┼─┼─┼─┼─┼─┤
│ │ │ │ │ │ │ │
├─┼─┼─┼─┼─┼─┼─┤
│ │ │ │ │ │ │ │
├─┼─┼─┼─┼─┼─┼─┤
│ │O│ │ │ │ │ │
├─┼─┼─┼─┼─┼─┼─┤
│ │X│X│ │O│ │ │
└─┴─┴─┴─┴─┴─┴─┘
 1 2 3 4 5 6 7
Column number? (starts at 1):
┌─┬─┬─┬─┬─┬─┬─┐
│ │ │ │ │ │ │ │
├─┼─┼─┼─┼─┼─┼─┤
│ │ │ │ │ │ │ │
├─┼─┼─┼─┼─┼─┼─┤
│ │ │ │ │ │ │ │
├─┼─┼─┼─┼─┼─┼─┤
│ │ │ │ │ │ │ │
├─┼─┼─┼─┼─┼─┼─┤
│ │O│ │ │ │ │ │
├─┼─┼─┼─┼─┼─┼─┤
│ │X│X│X│O│ │ │
└─┴─┴─┴─┴─┴─┴─┘
 1 2 3 4 5 6 7
┌─┬─┬─┬─┬─┬─┬─┐
│ │ │ │ │ │ │ │
├─┼─┼─┼─┼─┼─┼─┤
│ │ │ │ │ │ │ │
├─┼─┼─┼─┼─┼─┼─┤
│ │ │ │ │ │ │ │
├─┼─┼─┼─┼─┼─┼─┤
│ │ │ │ │ │ │ │
├─┼─┼─┼─┼─┼─┼─┤
│ │O│O│ │ │ │ │
├─┼─┼─┼─┼─┼─┼─┤
│ │X│X│X│O│ │ │
└─┴─┴─┴─┴─┴─┴─┘
 1 2 3 4 5 6 7
Column number? (starts at 1):
┌─┬─┬─┬─┬─┬─┬─┐
│ │ │ │ │ │ │ │
├─┼─┼─┼─┼─┼─┼─┤
│ │ │ │ │ │ │ │
├─┼─┼─┼─┼─┼─┼─┤
│ │ │ │ │ │ │ │
├─┼─┼─┼─┼─┼─┼─┤
│ │ │ │ │ │ │ │
├─┼─┼─┼─┼─┼─┼─┤
│ │O│O│ │ │ │ │
├─┼─┼─┼─┼─┼─┼─┤
│X│X│X│X│O│ │ │
└─┴─┴─┴─┴─┴─┴─┘
 1 2 3 4 5 6 7
Player one won!
